cargo : warning: 
unused import: 
`Context`
No linha:1 
caractere:1
+ cargo run 
--package vms-onvif 
--example 
test_full_onvif 2>&1 
> test_o ...
+ ~~~~~~~~~~~~~~~~~~~
~~~~~~~~~~~~~~~~~~~~~
~~~~~~~~~~~~~~~~~~~~~
~~~~~~~~
    + CategoryInfo   
           : NotSpe  
  cified: (warning   
 : unused import:    
 `Context`:Strin    
g) [], RemoteExc    
eption
    + FullyQualified 
   ErrorId : Native  
  CommandError
 
 --> services\vms-onv
if\src\client.rs:4:14
  |
4 | ...::{Context, 
R...
  |       ^^^^^^^
  |
  = note: `#[warn(unu
sed_imports)]` (part 
of 
`#[warn(unused)]`) 
on by default

warning: `vms-onvif` 
(lib) generated 1 
warning (run `cargo 
fix --lib -p 
vms-onvif` to apply 
1 suggestion)
    Finished `dev` 
profile [unoptimized 
+ debuginfo] 
target(s) in 0.31s
     Running `target\
debug\examples\test_f
ull_onvif.exe`
­ƒÄÑ Teste Completo ONVIF - Tapo C100
====================================

­ƒôí Conectando a: http://192.168.1.169:2020
­ƒæñ Usu├írio: adminsmu

­ƒöì Passo 1: Conectar e obter capabilities
------------------------------------------
[2m2026-01-07T00:12:33.403375Z[0m [32m INFO[0m ­ƒôí Conectando ao dispositivo ONVIF
[2m2026-01-07T00:12:33.414226Z[0m [32m INFO[0m ­ƒô╣ Media service URL: http://192.168.1.169:2020/onvif/service
[2m2026-01-07T00:12:33.414324Z[0m [32m INFO[0m Ô£à Conectado com sucesso
Ô£à Conectado com sucesso

­ƒöì Passo 2: GetDeviceInformation
------------------------------------------
[2m2026-01-07T00:12:33.422832Z[0m [33m WARN[0m SOAP error 400 Bad Request: <?xml version="1.0" encoding="UTF-8"?>
<SOAP-ENV:Envelope xmlns:SOAP-ENV="http://www.w3.org/2003/05/soap-envelope" xmlns:SOAP-ENC="http://www.w3.org/2003/05/soap-encoding" xmlns:xsi="http://www.w3.org
ÔØî Erro: Unexpected status: 400 Bad Request

­ƒöì Passo 3: GetProfiles
------------------------------------------
[2m2026-01-07T00:12:33.431738Z[0m [33m WARN[0m SOAP error 400 Bad Request: <?xml version="1.0" encoding="UTF-8"?>
<SOAP-ENV:Envelope xmlns:SOAP-ENV="http://www.w3.org/2003/05/soap-envelope" xmlns:SOAP-ENC="http://www.w3.org/2003/05/soap-encoding" xmlns:xsi="http://www.w3.org
ÔØî Erro ao obter perfis: Unexpected status: 400 Bad Request

Ô£à Teste completo conclu├¡do!

­ƒÄ» Pr├│ximos passos:
   1. Integrar com vms-ingest para processar o stream RTSP
   2. Criar pipeline GStreamer de baixa lat├¬ncia
   3. Expor via API REST no vms-api
